<testsuites id="" name="" tests="28" failures="0" skipped="0" errors="0" time="229.917774">
<testsuite name="basic-test.spec.ts" timestamp="2025-08-08T01:40:24.533Z" hostname="chromium" tests="1" failures="0" skipped="0" time="1.117" errors="0">
<testcase name="Basic page load test" classname="basic-test.spec.ts" time="1.117">
</testcase>
</testsuite>
<testsuite name="calendar-day-plus-button.spec.ts" timestamp="2025-08-08T01:40:24.533Z" hostname="chromium" tests="6" failures="0" skipped="0" time="7.536" errors="0">
<testcase name="Calendar Day Plus Button Functionality › Plus button appears on selected day and opens planning modal" classname="calendar-day-plus-button.spec.ts" time="1.97">
</testcase>
<testcase name="Calendar Day Plus Button Functionality › General Event option opens add event modal with pre-selected date" classname="calendar-day-plus-button.spec.ts" time="1.057">
</testcase>
<testcase name="Calendar Day Plus Button Functionality › Meal option opens meal planning modal with selected date" classname="calendar-day-plus-button.spec.ts" time="1.015">
</testcase>
<testcase name="Calendar Day Plus Button Functionality › Workout option navigates to fitness planner with selected date" classname="calendar-day-plus-button.spec.ts" time="0.956">
</testcase>
<testcase name="Calendar Day Plus Button Functionality › Plus button only appears on selected day" classname="calendar-day-plus-button.spec.ts" time="1.546">
</testcase>
<testcase name="Calendar Day Plus Button Functionality › Cancel button closes the modal" classname="calendar-day-plus-button.spec.ts" time="0.992">
</testcase>
</testsuite>
<testsuite name="calendar-meal-click.spec.ts" timestamp="2025-08-08T01:40:24.533Z" hostname="chromium" tests="2" failures="0" skipped="0" time="9.991" errors="0">
<testcase name="Calendar Meal Click Behavior › Clicking meal event on calendar navigates to cook page" classname="calendar-meal-click.spec.ts" time="4.801">
</testcase>
<testcase name="Calendar Meal Click Behavior › Clicking meal event in day view list navigates to cook page" classname="calendar-meal-click.spec.ts" time="5.19">
</testcase>
</testsuite>
<testsuite name="cardio-session.spec.ts" timestamp="2025-08-08T01:40:24.533Z" hostname="chromium" tests="1" failures="0" skipped="0" time="25.363" errors="0">
<testcase name="Complete Cardio Session Lifecycle" classname="cardio-session.spec.ts" time="25.363">
<system-out>
<![CDATA[[BROWSER LOG] error: Failed to load resource: the server responded with a status of 406 ()
[BROWSER LOG] log: [E2E] Cleaning up cardio sessions for user: 0f3a417b-077d-4868-acef-9d79ada0945b
[BROWSER LOG] log: [E2E] All cardio sessions before cleanup: []
[BROWSER LOG] log: [E2E] Successfully cleaned up ALL cardio sessions
[BROWSER LOG] log: [E2E] Remaining cardio sessions after cleanup: []
[BROWSER LOG] error: Failed to load resource: the server responded with a status of 406 ()
[E2E] Sessions in database after cleanup: []
[E2E] Number of sessions shown in UI: [33m0[39m
[E2E] Start Cardio button visible: [33mtrue[39m
[E2E] Empty state message visible: [33mtrue[39m
[BROWSER LOG] error: Error fetching cooked meals: {message: TypeError: Failed to fetch (ffubefmikpkrxtueeusj.supabase.co), details: TypeError: Failed to fetch
    at http://localhost…t/static/chunks/5647-84631fd367f02df5.js:6:19582), hint: , code: }
[BROWSER LOG] error: Error fetching planned meals: {message: TypeError: Failed to fetch (ffubefmikpkrxtueeusj.supabase.co), details: TypeError: Failed to fetch
    at http://localhost…t/static/chunks/5647-84631fd367f02df5.js:6:19582), hint: , code: }
[BROWSER LOG] error: Failed to load resource: the server responded with a status of 406 ()
[BROWSER LOG] error: Failed to load resource: the server responded with a status of 406 ()
[BROWSER LOG] error: Failed to load resource: the server responded with a status of 406 ()
[E2E] Start Cardio button not visible on final test, skipping
]]>
</system-out>
</testcase>
</testsuite>
<testsuite name="enhanced-plus-button.spec.ts" timestamp="2025-08-08T01:40:24.533Z" hostname="chromium" tests="6" failures="0" skipped="0" time="5.706" errors="0">
<testcase name="Enhanced Plus Button Functionality › Plus button shows selection modal with three options" classname="enhanced-plus-button.spec.ts" time="0.91">
</testcase>
<testcase name="Enhanced Plus Button Functionality › General Event option opens existing add event modal" classname="enhanced-plus-button.spec.ts" time="0.956">
</testcase>
<testcase name="Enhanced Plus Button Functionality › Meal option opens meal planning modal" classname="enhanced-plus-button.spec.ts" time="0.972">
</testcase>
<testcase name="Enhanced Plus Button Functionality › Workout option navigates to fitness planner page" classname="enhanced-plus-button.spec.ts" time="0.957">
</testcase>
<testcase name="Enhanced Plus Button Functionality › Cancel button closes selection modal" classname="enhanced-plus-button.spec.ts" time="0.974">
</testcase>
<testcase name="Enhanced Plus Button Functionality › Modal can be closed by clicking outside" classname="enhanced-plus-button.spec.ts" time="0.937">
</testcase>
</testsuite>
<testsuite name="login-add-meal.spec.ts" timestamp="2025-08-08T01:40:24.533Z" hostname="chromium" tests="1" failures="0" skipped="0" time="13.629" errors="0">
<testcase name="Login and add meal › Basic meal workflow: add and verify meal" classname="login-add-meal.spec.ts" time="13.629">
</testcase>
</testsuite>
<testsuite name="login-add-pantry-item.spec.ts" timestamp="2025-08-08T01:40:24.533Z" hostname="chromium" tests="1" failures="0" skipped="0" time="10.519" errors="0">
<testcase name="Complete pantry workflow with single item" classname="login-add-pantry-item.spec.ts" time="10.519">
</testcase>
</testsuite>
<testsuite name="login-add-planned-meal.spec.ts" timestamp="2025-08-08T01:40:24.533Z" hostname="chromium" tests="1" failures="0" skipped="0" time="12.329" errors="0">
<testcase name="Meal planning workflow: plan and verify meal" classname="login-add-planned-meal.spec.ts" time="12.329">
</testcase>
</testsuite>
<testsuite name="login-add-receipt.spec.ts" timestamp="2025-08-08T01:40:24.533Z" hostname="chromium" tests="1" failures="0" skipped="0" time="14.364" errors="0">
<testcase name="Login and add receipt › Complete receipt workflow with multiple items" classname="login-add-receipt.spec.ts" time="14.364">
<system-out>
<![CDATA[[BROWSER LOG] error: Failed to load resource: the server responded with a status of 406 ()
[BROWSER LOG] log: [E2E] ✅ window.supabase is defined
[BROWSER LOG] log: [E2E] Debug items in database: [Object, Object, Object]
[E2E] Debug items found: [
  {
    id: [32m'd3219ad2-e7a2-4bbb-961a-bd733dacad92'[39m,
    user_id: [32m'0f3a417b-077d-4868-acef-9d79ada0945b'[39m,
    name: [32m'Test Milk'[39m,
    quantity: [33m2[39m,
    unit: [32m'gallons'[39m,
    category: [1mnull[22m,
    added_from: [32m'receipt'[39m,
    expires_at: [1mnull[22m,
    added_at: [32m'2025-08-08T01:41:54.585774+00:00'[39m,
    receipt_id: [32m'a4ba554b-7b35-4235-a2ba-00a52446c7a1'[39m
  },
  {
    id: [32m'0796e7c4-0188-4a83-9f78-9bd1103c864f'[39m,
    user_id: [32m'0f3a417b-077d-4868-acef-9d79ada0945b'[39m,
    name: [32m'Test Eggs'[39m,
    quantity: [33m12[39m,
    unit: [32m'count'[39m,
    category: [1mnull[22m,
    added_from: [32m'receipt'[39m,
    expires_at: [1mnull[22m,
    added_at: [32m'2025-08-08T01:41:54.585774+00:00'[39m,
    receipt_id: [32m'a4ba554b-7b35-4235-a2ba-00a52446c7a1'[39m
  },
  {
    id: [32m'ff79ed9f-7670-4440-adbf-f20c75774b88'[39m,
    user_id: [32m'0f3a417b-077d-4868-acef-9d79ada0945b'[39m,
    name: [32m'Test Bread'[39m,
    quantity: [33m1[39m,
    unit: [32m'loaf'[39m,
    category: [1mnull[22m,
    added_from: [32m'receipt'[39m,
    expires_at: [1mnull[22m,
    added_at: [32m'2025-08-08T01:41:54.585774+00:00'[39m,
    receipt_id: [32m'a4ba554b-7b35-4235-a2ba-00a52446c7a1'[39m
  }
]
[BROWSER LOG] error: Failed to load resource: the server responded with a status of 406 ()
]]>
</system-out>
</testcase>
</testsuite>
<testsuite name="login-add-workout.spec.ts" timestamp="2025-08-08T01:40:24.533Z" hostname="chromium" tests="1" failures="0" skipped="0" time="17.097" errors="0">
<testcase name="Login and add workout › Login and add a workout" classname="login-add-workout.spec.ts" time="17.097">
<system-out>
<![CDATA[[E2E] ✅ Workout verified in database, navigating directly
[E2E] ✅ Updated workout found in UI
[E2E] ✅ Final workout verification successful: Push Day 1754617325569 Edited
]]>
</system-out>
</testcase>
</testsuite>
<testsuite name="planned-fitness-events.spec.ts" timestamp="2025-08-08T01:40:24.533Z" hostname="chromium" tests="4" failures="0" skipped="0" time="57.77" errors="0">
<testcase name="Planned Fitness Events - Complete Flow" classname="planned-fitness-events.spec.ts" time="20.091">
<system-out>
<![CDATA[406: https://ffubefmikpkrxtueeusj.supabase.co/rest/v1/profiles?select=first_name%2Clast_name&user_id=eq.0f3a417b-077d-4868-acef-9d79ada0945b
[BROWSER LOG] error: Failed to load resource: the server responded with a status of 406 ()
[BROWSER LOG] log: [E2E] ✅ window.supabase is defined
[E2E] Form error: 
[E2E] Planned workout created successfully in database
[E2E] Workout calendar events found: [33m1[39m
[BROWSER LOG] error: Failed to load resource: the server responded with a status of 429 ()
[E2E] Planned cardio created successfully in database
[E2E] Cardio calendar events found: [33m1[39m
[E2E] Sports form error: 
[BROWSER LOG] log: [E2E] All sports sessions found: [Object]
[BROWSER LOG] log: [E2E] Planned sports sessions found: [Object]
[E2E] Planned sports created successfully
[E2E] Sports calendar events found: [33m1[39m
406: https://ffubefmikpkrxtueeusj.supabase.co/rest/v1/profiles?select=first_name%2Clast_name&user_id=eq.0f3a417b-077d-4868-acef-9d79ada0945b
[BROWSER LOG] error: Failed to load resource: the server responded with a status of 406 ()
[E2E] Error navigating to home page: [31mTimed out 5000ms waiting for [39m[2mexpect([22m[31mlocator[39m[2m).[22mtoBeVisible[2m()[22m

Locator: locator('h1').filter({ hasText: /Planned Fitness Activities/i })
Expected: visible
Received: <element(s) not found>
Call log:
[2m  - Expect "toBeVisible" with timeout 5000ms[22m
[2m  - waiting for locator('h1').filter({ hasText: /Planned Fitness Activities/i })[22m

[E2E] Skipping UI verification, proceeding with database check
[E2E] All calendar events in database: [
  {
    id: [32m'48bf3436-cd9b-417a-a4f1-b22cbc713a46'[39m,
    user_id: [32m'0f3a417b-077d-4868-acef-9d79ada0945b'[39m,
    title: [32m'Sport: Test Planned Sports'[39m,
    description: [32m'Test planned sports notes'[39m,
    start_time: [32m'2025-08-07T00:00:00+00:00'[39m,
    end_time: [32m'2025-08-08T01:00:00+00:00'[39m,
    source: [32m'sport'[39m,
    source_id: [32m'ee01f2f6-6303-485d-9bcd-adaca108aa48'[39m,
    created_at: [32m'2025-08-08T01:42:29.37465+00:00'[39m,
    updated_at: [32m'2025-08-08T01:42:29.37465+00:00'[39m
  },
  {
    id: [32m'b6843c71-7ee3-4ea1-835b-6c2bccedfbdc'[39m,
    user_id: [32m'0f3a417b-077d-4868-acef-9d79ada0945b'[39m,
    title: [32m'Cardio: Test Planned Cardio'[39m,
    description: [32m'Test planned cardio notes'[39m,
    start_time: [32m'2025-08-07T00:00:00+00:00'[39m,
    end_time: [32m'2025-08-08T00:00:00+00:00'[39m,
    source: [32m'cardio'[39m,
    source_id: [32m'7eff7cfc-bf41-4e63-b774-8a501d7dc485'[39m,
    created_at: [32m'2025-08-08T01:42:28.027836+00:00'[39m,
    updated_at: [32m'2025-08-08T01:42:28.027836+00:00'[39m
  },
  {
    id: [32m'b75a33f6-cf8f-409d-9564-508551757cc3'[39m,
    user_id: [32m'0f3a417b-077d-4868-acef-9d79ada0945b'[39m,
    title: [32m'Workout: Test Planned Workout'[39m,
    description: [32m'Test planned workout notes'[39m,
    start_time: [32m'2025-08-07T00:00:00+00:00'[39m,
    end_time: [32m'2025-08-07T23:00:00+00:00'[39m,
    source: [32m'workout'[39m,
    source_id: [32m'88f1d30d-07a0-4619-96e6-14ffc9fc8952'[39m,
    created_at: [32m'2025-08-08T01:42:26.685881+00:00'[39m,
    updated_at: [32m'2025-08-08T01:42:26.685881+00:00'[39m
  },
  {
    id: [32m'7827357f-a793-4da5-bb1a-02e48a210cea'[39m,
    user_id: [32m'0f3a417b-077d-4868-acef-9d79ada0945b'[39m,
    title: [32m'Meal: Test Calendar Meal 1754617238398'[39m,
    description: [32m'Test meal for calendar click behavior'[39m,
    start_time: [32m'2025-07-28T12:00:00+00:00'[39m,
    end_time: [1mnull[22m,
    source: [32m'meal'[39m,
    source_id: [32m'c1274061-515f-4bfb-8d34-e743f10d8ba2'[39m,
    created_at: [32m'2025-08-08T01:40:40.42392+00:00'[39m,
    updated_at: [32m'2025-08-08T01:40:40.42392+00:00'[39m
  },
  {
    id: [32m'241212d8-8553-4114-92eb-0dac26ca40bb'[39m,
    user_id: [32m'0f3a417b-077d-4868-acef-9d79ada0945b'[39m,
    title: [32m'Meal: Test Calendar Meal 1754617233579'[39m,
    description: [32m'Test meal for calendar click behavior'[39m,
    start_time: [32m'2025-07-28T12:00:00+00:00'[39m,
    end_time: [1mnull[22m,
    source: [32m'meal'[39m,
    source_id: [32m'0470a982-0232-4332-8d93-3e98f9922c63'[39m,
    created_at: [32m'2025-08-08T01:40:35.567922+00:00'[39m,
    updated_at: [32m'2025-08-08T01:40:35.567922+00:00'[39m
  }
]
[E2E] Number of events found in list: [33m6[39m
[E2E] Verification attempt 1: { workout: [33mfalse[39m, cardio: [33mfalse[39m, sports: [33mfalse[39m }
[E2E] Not all events found, retry 1/2
[E2E] Verification attempt 2: { workout: [33mfalse[39m, cardio: [33mfalse[39m, sports: [33mfalse[39m }
[E2E] Not all events found, retry 2/2
[E2E] Final UI verification: { workout: [33mfalse[39m, cardio: [33mfalse[39m, sports: [33mfalse[39m }
[E2E] Some events not visible in UI, checking database...
[E2E] Database fallback check: { workoutExists: [33mtrue[39m, cardioExists: [33mtrue[39m, sportsExists: [33mtrue[39m }
[E2E] 3/3 events exist in database - test successful!
[E2E] Final database state: { workoutCount: [33m1[39m, cardioCount: [33m1[39m, sportsCount: [33m1[39m, calendarCount: [33m3[39m }
[E2E] ✅ Planned fitness events test completed successfully
]]>
</system-out>
</testcase>
<testcase name="Calendar Click Behavior for Planned Fitness Events" classname="planned-fitness-events.spec.ts" time="13.887">
<system-out>
<![CDATA[406: https://ffubefmikpkrxtueeusj.supabase.co/rest/v1/profiles?select=first_name%2Clast_name&user_id=eq.0f3a417b-077d-4868-acef-9d79ada0945b
[BROWSER LOG] error: Failed to load resource: the server responded with a status of 406 ()
[E2E] Created test workout with ID: 1402e270-40e2-4572-9562-bb144e535486
406: https://ffubefmikpkrxtueeusj.supabase.co/rest/v1/profiles?select=first_name%2Clast_name&user_id=eq.0f3a417b-077d-4868-acef-9d79ada0945b
[BROWSER LOG] error: Failed to load resource: the server responded with a status of 406 ()
[E2E] Available calendar events: [
  {
    id: [32m'241212d8-8553-4114-92eb-0dac26ca40bb'[39m,
    user_id: [32m'0f3a417b-077d-4868-acef-9d79ada0945b'[39m,
    title: [32m'Meal: Test Calendar Meal 1754617233579'[39m,
    description: [32m'Test meal for calendar click behavior'[39m,
    start_time: [32m'2025-07-28T12:00:00+00:00'[39m,
    end_time: [1mnull[22m,
    source: [32m'meal'[39m,
    source_id: [32m'0470a982-0232-4332-8d93-3e98f9922c63'[39m,
    created_at: [32m'2025-08-08T01:40:35.567922+00:00'[39m,
    updated_at: [32m'2025-08-08T01:40:35.567922+00:00'[39m
  },
  {
    id: [32m'7827357f-a793-4da5-bb1a-02e48a210cea'[39m,
    user_id: [32m'0f3a417b-077d-4868-acef-9d79ada0945b'[39m,
    title: [32m'Meal: Test Calendar Meal 1754617238398'[39m,
    description: [32m'Test meal for calendar click behavior'[39m,
    start_time: [32m'2025-07-28T12:00:00+00:00'[39m,
    end_time: [1mnull[22m,
    source: [32m'meal'[39m,
    source_id: [32m'c1274061-515f-4bfb-8d34-e743f10d8ba2'[39m,
    created_at: [32m'2025-08-08T01:40:40.42392+00:00'[39m,
    updated_at: [32m'2025-08-08T01:40:40.42392+00:00'[39m
  },
  {
    id: [32m'bfb4b808-1ad9-4080-ac5d-6296df94cfcd'[39m,
    user_id: [32m'0f3a417b-077d-4868-acef-9d79ada0945b'[39m,
    title: [32m'Workout: Test Calendar Workout'[39m,
    description: [32m'Test notes for calendar workout'[39m,
    start_time: [32m'2025-08-08T01:42:45.427+00:00'[39m,
    end_time: [1mnull[22m,
    source: [32m'workout'[39m,
    source_id: [32m'1402e270-40e2-4572-9562-bb144e535486'[39m,
    created_at: [32m'2025-08-08T01:42:45.583547+00:00'[39m,
    updated_at: [32m'2025-08-08T01:42:45.583547+00:00'[39m
  }
]
406: https://ffubefmikpkrxtueeusj.supabase.co/rest/v1/profiles?select=first_name%2Clast_name&user_id=eq.0f3a417b-077d-4868-acef-9d79ada0945b
[BROWSER LOG] error: Failed to load resource: the server responded with a status of 406 ()
[E2E] ✅ Calendar click behavior test completed successfully
]]>
</system-out>
</testcase>
<testcase name="Event List Click Behavior for Planned Fitness Events" classname="planned-fitness-events.spec.ts" time="11.925">
<system-out>
<![CDATA[[BROWSER LOG] error: Failed to load resource: the server responded with a status of 406 ()
[E2E] Created test workout for event list with ID: 8396f49e-613c-4577-ab13-db9148bfd8a5
[BROWSER LOG] error: Failed to load resource: the server responded with a status of 406 ()
[E2E] ✅ Event list click behavior test completed successfully
]]>
</system-out>
</testcase>
<testcase name="Planned Session Cleanup After Completion" classname="planned-fitness-events.spec.ts" time="11.867">
<system-out>
<![CDATA[[BROWSER LOG] error: Failed to load resource: the server responded with a status of 406 ()
[E2E] Created test workout for cleanup with ID: 139a19d6-6703-4762-9053-f74fd8ff04da
[BROWSER LOG] error: Failed to load resource: the server responded with a status of 406 ()
[BROWSER LOG] error: Failed to load resource: the server responded with a status of 429 ()
[E2E] Workout status after completion: { status: [32m'completed'[39m, in_progress: [33mfalse[39m }
[E2E] Calendar events after cleanup: []
[E2E] Calendar event was cleaned up (unexpected when navigating directly)
[E2E] ✅ Planned session cleanup test completed successfully
]]>
</system-out>
</testcase>
</testsuite>
<testsuite name="planned-workout-completion.spec.ts" timestamp="2025-08-08T01:40:24.533Z" hostname="chromium" tests="2" failures="0" skipped="0" time="37.039" errors="0">
<testcase name="Planned Workout Completion Flow › Complete planned workout from calendar - full flow" classname="planned-workout-completion.spec.ts" time="18.834">
<system-out>
<![CDATA[[E2E] Calendar event found, clicking on it
]]>
</system-out>
</testcase>
<testcase name="Planned Workout Completion Flow › Complete planned workout from day event list - full flow" classname="planned-workout-completion.spec.ts" time="18.205">
</testcase>
</testsuite>
<testsuite name="sports-happy-path.spec.ts" timestamp="2025-08-08T01:40:24.533Z" hostname="chromium" tests="1" failures="0" skipped="0" time="13.41" errors="0">
<testcase name="Sports happy path › Complete Sports Session Lifecycle" classname="sports-happy-path.spec.ts" time="13.41">
<system-out>
<![CDATA[[E2E] Available buttons on page: [
  [32m'Sports In Progress: Basketball 1754617437525'[39m,
  [32m''[39m,
  [32m'Log Out'[39m,
  [32m'End Activity'[39m
]
[E2E] Current URL: http://localhost:3000/fitness/sports/live
[E2E] ✅ Sports session verified in database
[E2E] ✅ Updated sports session verified in database: Test Basketball Edited
]]>
</system-out>
</testcase>
</testsuite>
</testsuites>